#
# A fatal error has been detected by the Java Runtime Environment:
#
#  Internal Error (0xc06d007e), pid=3200, tid=11604
#
# JRE version: OpenJDK Runtime Environment (21.0.10) (build 21.0.10+-14961533-b1163.108)
# Java VM: OpenJDK 64-Bit Server VM (21.0.10+-14961533-b1163.108, mixed mode, tiered, compressed oops, compressed class ptrs, g1 gc, windows-amd64)
# Problematic frame:
# C  [KERNELBASE.dll+0x6055c]
#
# No core dump will be written. Minidumps are not enabled by default on client versions of Windows
#
# If you would like to submit a bug report, please visit:
#   https://youtrack.jetbrains.com/issues/JBR
# The crash happened outside the Java Virtual Machine in native code.
# See problematic frame for where to report the bug.
#

---------------  S U M M A R Y ------------

Command Line: git4idea.http.GitAskPassApp Password for 'https://github.com': 

Host: Intel(R) Core(TM) i3-1005G1 CPU @ 1.20GHz, 4 cores, 3G,  Windows 11 , 64 bit Build 22621 (10.0.22621.5415)
Time: Wed Aug 12 18:51:59 2026 Sri Lanka Standard Time elapsed time: 7.682731 seconds (0d 0h 0m 7s)

---------------  T H R E A D  ---------------

Current thread (0x000001cbfc821ce0):  JavaThread "main"             [_thread_in_native, id=11604, stack(0x00000081f6700000,0x00000081f6800000) (1024K)]

Stack: [0x00000081f6700000,0x00000081f6800000],  sp=0x00000081f67fdb50,  free space=1014k
Native frames: (J=compiled Java code, j=interpreted, Vv=VM code, C=native code)
C  [KERNELBASE.dll+0x6055c]
C  [net.dll+0x6c96]

Java frames: (J=compiled Java code, j=interpreted, Vv=VM code)
j  java.net.NetworkInterface.getAll()[Ljava/net/NetworkInterface;+0 java.base@21.0.10
j  java.net.NetworkInterface.getNetworkInterfaces()Ljava/util/Enumeration;+0 java.base@21.0.10
j  sun.security.provider.SeedGenerator.addNetworkAdapterInfo(Ljava/security/MessageDigest;)V+0 java.base@21.0.10
j  sun.security.provider.SeedGenerator$1.run()Ljava/lang/Void;+66 java.base@21.0.10
j  sun.security.provider.SeedGenerator$1.run()Ljava/lang/Object;+1 java.base@21.0.10
j  java.security.AccessController.executePrivileged(Ljava/security/PrivilegedAction;Ljava/security/AccessControlContext;Ljava/lang/Class;)Ljava/lang/Object;+29 java.base@21.0.10
j  java.security.AccessController.doPrivileged(Ljava/security/PrivilegedAction;)Ljava/lang/Object;+5 java.base@21.0.10
j  sun.security.provider.SeedGenerator.getSystemEntropy()[B+40 java.base@21.0.10
j  sun.security.provider.AbstractDrbg$SeederHolder.<clinit>()V+28 java.base@21.0.10
v  ~StubRoutines::call_stub 0x000001cb8a5d10e7
j  sun.security.provider.AbstractDrbg.getEntropyInput(IIIZ)[B+87 java.base@21.0.10
j  sun.security.provider.AbstractDrbg.getEntropyInput(Z)[B+14 java.base@21.0.10
j  sun.security.provider.AbstractDrbg.instantiateIfNecessary([B)V+16 java.base@21.0.10
j  sun.security.provider.AbstractDrbg.engineNextBytes([BLjava/security/SecureRandomParameters;)V+157 java.base@21.0.10
j  sun.security.provider.AbstractDrbg.engineNextBytes([B)V+11 java.base@21.0.10
j  sun.security.provider.DRBG.engineNextBytes([B)V+5 java.base@21.0.10
j  java.security.SecureRandom.nextBytes([B)V+17 java.base@21.0.10
j  java.security.SecureRandom.next(I)I+17 java.base@21.0.10
j  java.util.Random.nextInt()I+3 java.base@21.0.10
j  sun.security.ssl.SSLContextImpl.engineInit([Ljavax/net/ssl/KeyManager;[Ljavax/net/ssl/TrustManager;Ljava/security/SecureRandom;)V+98 java.base@21.0.10
j  javax.net.ssl.SSLContext.init([Ljavax/net/ssl/KeyManager;[Ljavax/net/ssl/TrustManager;Ljava/security/SecureRandom;)V+7 java.base@21.0.10
j  externalApp.ExternalAppUtil.sendIdeRequest(Ljava/lang/String;ILjava/lang/String;Ljava/lang/String;)LexternalApp/ExternalAppUtil$Result;+45
j  git4idea.http.GitAskPassApp.entryPoint(LexternalApp/ExternalAppEntry;)I+61
j  git4idea.http.GitAskPassApp.main([Ljava/lang/String;)V+11
v  ~StubRoutines::call_stub 0x000001cb8a5d10e7

siginfo: EXCEPTION_?? (0xc06d007e), ExceptionInformation=0x00000081f67fdc50 


Registers:
RAX=0x000001cbfc821ce0, RBX=0x0000000000000000, RCX=0x00006544ac07f206, RDX=0x00007ffeb1b7aebd
RSP=0x00000081f67fdb50, RBP=0x00000081f67fdca0, RSI=0x00007ffef8c6a424, RDI=0x0000000000000000
R8 =0x00000081f67fcfc0, R9 =0x000001cbfc821ce0, R10=0x00007ffeb1b7d5bd, R11=0x000001cbfc821ce0
R12=0x00007ffef8c6c150, R13=0x00007ffef8c6a720, R14=0x00007ffef8c6c200, R15=0x000000000000000e
RIP=0x00007fff125e055c, EFLAGS=0x0000000000000206

XMM[0]=0x0000000000000000 0x000c00f800000a4c
XMM[1]=0x00000081f67fd010 0x000001cb9477acb0
XMM[2]=0x0000000000000030 0x0000000000040128
XMM[3]=0x000001cbfc82b3d0 0x00000000949a7800
XMM[4]=0x000001cbfc80c6f0 0x000001cb949d9670
XMM[5]=0x000001cbfc730fc0 0x000001cbfc82b3d0
XMM[6]=0x0000000000000000 0x9f1b22ef64a07bb9
XMM[7]=0x0000000000000000 0x2a9164c269c7bbf1
XMM[8]=0x0000000000000000 0x7d8812681208550c
XMM[9]=0x0000000000000000 0xf6273987a9a530d3
XMM[10]=0x0000000000000000 0x00000000b37df74c
XMM[11]=0x0000000000000000 0x529db758fc42e82b
XMM[12]=0x0000000000000000 0x00000000a9a530d3
XMM[13]=0x0000000000000000 0x0000000000000000
XMM[14]=0x0000000000000000 0x0000000000000000
XMM[15]=0x0000000000000000 0x0000000000000000
  MXCSR=0x00001fa0


Register to memory mapping:

RAX=0x000001cbfc821ce0 is a thread
RBX=0x0 is null
RCX=0x00006544ac07f206 is an unknown value
RDX=0x00007ffeb1b7aebd jvm.dll
RSP=0x00000081f67fdb50 is pointing into the stack for thread: 0x000001cbfc821ce0
RBP=0x00000081f67fdca0 is pointing into the stack for thread: 0x000001cbfc821ce0
RSI=0x00007ffef8c6a424 net.dll
RDI=0x0 is null
R8 =0x00000081f67fcfc0 is pointing into the stack for thread: 0x000001cbfc821ce0
R9 =0x000001cbfc821ce0 is a thread
R10=0x00007ffeb1b7d5bd jvm.dll
R11=0x000001cbfc821ce0 is a thread
R12=0x00007ffef8c6c150 net.dll
R13=0x00007ffef8c6a720 net.dll
R14=0x00007ffef8c6c200 net.dll
R15=0x000000000000000e is an unknown value

Top of Stack: (sp=0x00000081f67fdb50)
0x00000081f67fdb50:   000000000000000e 0000000000000000
0x00000081f67fdb60:   00007ffef8c6a424 00007ffef8c6c150
0x00000081f67fdb70:   00000080c06d007e 0000000000000000
0x00000081f67fdb80:   00007fff125e055c 000001cb00000001
0x00000081f67fdb90:   00000081f67fdc50 0000000000000000
0x00000081f67fdba0:   0000000000000000 00007fff125b2cfc
0x00000081f67fdbb0:   0000000000000000 00007fff14f5e947
0x00000081f67fdbc0:   00000081f67fdc10 00007ffef8c6a424
0x00000081f67fdbd0:   00007ffef8c6c200 0000000000000000
0x00000081f67fdbe0:   0000000000000000 00007fff125a7800
0x00000081f67fdbf0:   0000008100000000 0000000000000000
0x00000081f67fdc00:   00007ffef8c6a424 0000000000000000
0x00000081f67fdc10:   0000c95a85c49db6 0000000000000000
0x00000081f67fdc20:   0000000000000000 00007ffef8c66c96
0x00000081f67fdc30:   0000000000000000 00007ffef8c63784
0x00000081f67fdc40:   000001cbfc821ce0 000001cbfc822360
0x00000081f67fdc50:   0000000000000048 00007ffef8c6a424
0x00000081f67fdc60:   00007ffef8c6c150 00007ffef8c69880
0x00000081f67fdc70:   0000000000000001 00007ffef8c6a618
0x00000081f67fdc80:   0000000000000000 0000000000000000
0x00000081f67fdc90:   00000081000005af 00007ffeb1c1b7ec
0x00000081f67fdca0:   000001cbfc821ce0 00000081f67fde28
0x00000081f67fdcb0:   000001cb958c5230 0000000000000000
0x00000081f67fdcc0:   00000081f67fdd70 00007ffef8c66668
0x00000081f67fdcd0:   00000081f67fdc50 000001cb958c5238
0x00000081f67fdce0:   00000081f67fde20 000001cbfc8220a0
0x00000081f67fdcf0:   0000000000000000 0000000000000000
0x00000081f67fdd00:   0000000000000000 0000000000000000
0x00000081f67fdd10:   0000000000000000 0000000000000000
0x00000081f67fdd20:   0000000000000000 0000000000000000
0x00000081f67fdd30:   000000000000001b 00007ffef8c637a7
0x00000081f67fdd40:   00000081f67fddb0 00000081f67fde20 

Instructions: (pc=0x00007fff125e055c)
0x00007fff125e045c:   ff 4c 8d 05 0c 4c 2f 00 33 d2 b9 00 00 10 00 e8
0x00007fff125e046c:   b0 37 fe ff 4c 8b f0 48 89 44 24 58 48 85 c0 0f
0x00007fff125e047c:   84 0b fe ff ff 4c 8d 05 30 4c 2f 00 33 d2 8d 4a
0x00007fff125e048c:   02 e8 8e 37 fe ff 48 8b f8 48 89 44 24 50 e9 ed
0x00007fff125e049c:   fd ff ff 45 33 c0 49 8b d7 48 83 c9 ff e8 c2 a5
0x00007fff125e04ac:   01 00 e9 08 ff ff ff 48 8b 0d 1e 39 32 00 e8 01
0x00007fff125e04bc:   ba fd ff 48 8b cf e8 99 8e fc ff e9 f8 fe ff ff
0x00007fff125e04cc:   49 8b ce e8 8c 8e fc ff e9 f4 fe ff ff 48 8b ce
0x00007fff125e04dc:   e8 7f 8e fc ff e9 f0 fe ff ff cc cc 71 18 d3 7a
0x00007fff125e04ec:   1a 87 89 f9 48 81 ec d8 00 00 00 48 8b 05 f2 0a
0x00007fff125e04fc:   32 00 48 33 c4 48 89 84 24 c0 00 00 00 48 83 64
0x00007fff125e050c:   24 28 00 48 8d 05 da ff ff ff 83 e2 01 89 4c 24
0x00007fff125e051c:   20 89 54 24 24 48 89 44 24 30 4d 85 c9 74 4f b8
0x00007fff125e052c:   0f 00 00 00 48 8d 4c 24 40 44 3b c0 49 8b d1 41
0x00007fff125e053c:   0f 46 c0 44 8b c0 44 89 44 24 38 49 c1 e0 03 e8
0x00007fff125e054c:   87 2d 09 00 48 8d 4c 24 20 48 ff 15 14 60 22 00
0x00007fff125e055c:   0f 1f 44 00 00 48 8b 8c 24 c0 00 00 00 48 33 cc
0x00007fff125e056c:   e8 6f 18 05 00 48 81 c4 d8 00 00 00 c3 cc 83 64
0x00007fff125e057c:   24 38 00 eb cf cc cc cc cc cc cc cc 48 8b c4 48
0x00007fff125e058c:   89 58 08 48 89 70 10 48 89 78 18 4c 89 68 20 55
0x00007fff125e059c:   41 56 41 57 48 8d 68 a1 48 81 ec e0 00 00 00 48
0x00007fff125e05ac:   8b 05 3e 0a 32 00 48 33 c4 48 89 45 3f 45 33 ff
0x00007fff125e05bc:   66 c7 45 2b 00 05 48 8d 45 c7 44 89 7d 27 48 89
0x00007fff125e05cc:   44 24 50 48 8d 4d 27 44 89 7c 24 48 45 33 c9 44
0x00007fff125e05dc:   89 7c 24 40 45 8d 47 12 44 89 7c 24 38 b2 01 44
0x00007fff125e05ec:   89 7c 24 30 41 8b df 44 89 7c 24 28 41 8b ff 44
0x00007fff125e05fc:   89 7c 24 20 45 8b f7 44 89 7d 2f 66 c7 45 33 00
0x00007fff125e060c:   01 44 89 7d 37 66 c7 45 3b 00 10 4c 89 7d c7 4c
0x00007fff125e061c:   89 7d cf 4c 89 7d d7 4c 89 7d df 48 ff 15 62 60
0x00007fff125e062c:   22 00 0f 1f 44 00 00 85 c0 0f 88 a7 02 00 00 48
0x00007fff125e063c:   8d 45 cf 41 b9 20 02 00 00 48 89 44 24 50 45 8d
0x00007fff125e064c:   6f 02 44 89 7c 24 48 45 8d 47 20 44 89 7c 24 40 


Stack slot to memory mapping:

stack at sp + 0 slots: 0x000000000000000e is an unknown value
stack at sp + 1 slots: 0x0 is null
stack at sp + 2 slots: 0x00007ffef8c6a424 net.dll
stack at sp + 3 slots: 0x00007ffef8c6c150 net.dll
stack at sp + 4 slots: 0x00000080c06d007e is an unknown value
stack at sp + 5 slots: 0x0 is null
stack at sp + 6 slots: 0x00007fff125e055c KERNELBASE.dll
stack at sp + 7 slots: 0x000001cb00000001 is an unknown value


---------------  P R O C E S S  ---------------

Threads class SMR info:
_java_thread_list=0x000001cb947794f0, length=11, elements={
0x000001cbfc821ce0, 0x000001cb94496460, 0x000001cb944ae530, 0x000001cb944b1190,
0x000001cb94613090, 0x000001cb94613af0, 0x000001cb94614550, 0x000001cb94614fb0,
0x000001cb944b2f80, 0x000001cb944be5b0, 0x000001cb9479f1a0
}

Java Threads: ( => current thread )
=>0x000001cbfc821ce0 JavaThread "main"                              [_thread_in_native, id=11604, stack(0x00000081f6700000,0x00000081f6800000) (1024K)]
  0x000001cb94496460 JavaThread "Common-Cleaner"             daemon [_thread_blocked, id=13728, stack(0x00000081f6f00000,0x00000081f7000000) (1024K)]
  0x000001cb944ae530 JavaThread "Reference Handler"          daemon [_thread_blocked, id=8056, stack(0x00000081f7000000,0x00000081f7100000) (1024K)]
  0x000001cb944b1190 JavaThread "Finalizer"                  daemon [_thread_blocked, id=11520, stack(0x00000081f7100000,0x00000081f7200000) (1024K)]
  0x000001cb94613090 JavaThread "Signal Dispatcher"          daemon [_thread_blocked, id=9100, stack(0x00000081f7200000,0x00000081f7300000) (1024K)]
  0x000001cb94613af0 JavaThread "Attach Listener"            daemon [_thread_blocked, id=7756, stack(0x00000081f7300000,0x00000081f7400000) (1024K)]
  0x000001cb94614550 JavaThread "Service Thread"             daemon [_thread_blocked, id=5196, stack(0x00000081f7400000,0x00000081f7500000) (1024K)]
  0x000001cb94614fb0 JavaThread "Monitor Deflation Thread"   daemon [_thread_blocked, id=12420, stack(0x00000081f7500000,0x00000081f7600000) (1024K)]
  0x000001cb944b2f80 JavaThread "C2 CompilerThread0"         daemon [_thread_blocked, id=11532, stack(0x00000081f7600000,0x00000081f7700000) (1024K)]
  0x000001cb944be5b0 JavaThread "C1 CompilerThread0"         daemon [_thread_blocked, id=5808, stack(0x00000081f7700000,0x00000081f7800000) (1024K)]
  0x000001cb9479f1a0 JavaThread "Notification Thread"        daemon [_thread_blocked, id=5332, stack(0x00000081f7800000,0x00000081f7900000) (1024K)]
Total: 11

Other Threads:
  0x000001cb9441b2d0 VMThread "VM Thread"                           [id=5216, stack(0x00000081f6e00000,0x00000081f6f00000) (1024K)]
  0x000001cbfebb0400 WatcherThread "VM Periodic Task Thread"        [id=6164, stack(0x00000081f6d00000,0x00000081f6e00000) (1024K)]
  0x000001cbfeb3de10 WorkerThread "GC Thread#0"                     [id=4760, stack(0x00000081f6800000,0x00000081f6900000) (1024K)]
  0x000001cbfeb466c0 ConcurrentGCThread "G1 Main Marker"            [id=6220, stack(0x00000081f6900000,0x00000081f6a00000) (1024K)]
  0x000001cbfeb47340 WorkerThread "G1 Conc#0"                       [id=1828, stack(0x00000081f6a00000,0x00000081f6b00000) (1024K)]
  0x000001cbfeb9f4d0 ConcurrentGCThread "G1 Refine#0"               [id=3592, stack(0x00000081f6b00000,0x00000081f6c00000) (1024K)]
  0x000001cbfeba0050 ConcurrentGCThread "G1 Service"                [id=2272, stack(0x00000081f6c00000,0x00000081f6d00000) (1024K)]
Total: 7

Threads with active compile tasks:
Total: 0

VM state: not at safepoint (normal execution)

VM Mutex/Monitor currently owned by a thread: None

Heap address: 0x00000000c3a00000, size: 966 MB, Compressed Oops mode: 32-bit

CDS archive(s) not mapped
Compressed class space mapped at: 0x0000000100000000-0x0000000140000000, reserved size: 1073741824
Narrow klass base: 0x0000000000000000, Narrow klass shift: 3, Narrow klass range: 0x140000000

GC Precious Log:
 CardTable entry size: 512
 Card Set container configuration: InlinePtr #cards 5 size 8 Array Of Cards #cards 12 size 40 Howl #buckets 4 coarsen threshold 1843 Howl Bitmap #cards 512 size 80 coarsen threshold 460 Card regions per heap region 1 cards per card region 2048
 CPUs: 4 total, 4 available
 Memory: 3863M
 Large Page Support: Disabled
 NUMA Support: Disabled
 Compressed Oops: Enabled (32-bit)
 Heap Region Size: 1M
 Heap Min Capacity: 8M
 Heap Initial Capacity: 62M
 Heap Max Capacity: 966M
 Pre-touch: Disabled
 Parallel Workers: 4
 Concurrent Workers: 1
 Concurrent Refinement Workers: 4
 Periodic GC: Disabled

Heap:
 garbage-first heap   total 63488K, used 4096K [0x00000000c3a00000, 0x0000000100000000)
  region size 1024K, 5 young (5120K), 0 survivors (0K)
 Metaspace       used 10159K, committed 10304K, reserved 1114112K
  class space    used 978K, committed 1024K, reserved 1048576K

Heap Regions: E=young(eden), S=young(survivor), O=old, HS=humongous(starts), HC=humongous(continues), CS=collection set, F=free, TAMS=top-at-mark-start, PB=parsable bottom
|   0|0x00000000c3a00000, 0x00000000c3a00000, 0x00000000c3b00000|  0%| F|  |TAMS 0x00000000c3a00000| PB 0x00000000c3a00000| Untracked 
|   1|0x00000000c3b00000, 0x00000000c3b00000, 0x00000000c3c00000|  0%| F|  |TAMS 0x00000000c3b00000| PB 0x00000000c3b00000| Untracked 
|   2|0x00000000c3c00000, 0x00000000c3c00000, 0x00000000c3d00000|  0%| F|  |TAMS 0x00000000c3c00000| PB 0x00000000c3c00000| Untracked 
|   3|0x00000000c3d00000, 0x00000000c3d00000, 0x00000000c3e00000|  0%| F|  |TAMS 0x00000000c3d00000| PB 0x00000000c3d00000| Untracked 
|   4|0x00000000c3e00000, 0x00000000c3e00000, 0x00000000c3f00000|  0%| F|  |TAMS 0x00000000c3e00000| PB 0x00000000c3e00000| Untracked 
|   5|0x00000000c3f00000, 0x00000000c3f00000, 0x00000000c4000000|  0%| F|  |TAMS 0x00000000c3f00000| PB 0x00000000c3f00000| Untracked 
|   6|0x00000000c4000000, 0x00000000c4000000, 0x00000000c4100000|  0%| F|  |TAMS 0x00000000c4000000| PB 0x00000000c4000000| Untracked 
|   7|0x00000000c4100000, 0x00000000c4100000, 0x00000000c4200000|  0%| F|  |TAMS 0x00000000c4100000| PB 0x00000000c4100000| Untracked 
|   8|0x00000000c4200000, 0x00000000c4200000, 0x00000000c4300000|  0%| F|  |TAMS 0x00000000c4200000| PB 0x00000000c4200000| Untracked 
|   9|0x00000000c4300000, 0x00000000c4300000, 0x00000000c4400000|  0%| F|  |TAMS 0x00000000c4300000| PB 0x00000000c4300000| Untracked 
|  10|0x00000000c4400000, 0x00000000c4400000, 0x00000000c4500000|  0%| F|  |TAMS 0x00000000c4400000| PB 0x00000000c4400000| Untracked 
|  11|0x00000000c4500000, 0x00000000c4500000, 0x00000000c4600000|  0%| F|  |TAMS 0x00000000c4500000| PB 0x00000000c4500000| Untracked 
|  12|0x00000000c4600000, 0x00000000c4600000, 0x00000000c4700000|  0%| F|  |TAMS 0x00000000c4600000| PB 0x00000000c4600000| Untracked 
|  13|0x00000000c4700000, 0x00000000c4700000, 0x00000000c4800000|  0%| F|  |TAMS 0x00000000c4700000| PB 0x00000000c4700000| Untracked 
|  14|0x00000000c4800000, 0x00000000c4800000, 0x00000000c4900000|  0%| F|  |TAMS 0x00000000c4800000| PB 0x00000000c4800000| Untracked 
|  15|0x00000000c4900000, 0x00000000c4900000, 0x00000000c4a00000|  0%| F|  |TAMS 0x00000000c4900000| PB 0x00000000c4900000| Untracked 
|  16|0x00000000c4a00000, 0x00000000c4a00000, 0x00000000c4b00000|  0%| F|  |TAMS 0x00000000c4a00000| PB 0x00000000c4a00000| Untracked 
|  17|0x00000000c4b00000, 0x00000000c4b00000, 0x00000000c4c00000|  0%| F|  |TAMS 0x00000000c4b00000| PB 0x00000000c4b00000| Untracked 
|  18|0x00000000c4c00000, 0x00000000c4c00000, 0x00000000c4d00000|  0%| F|  |TAMS 0x00000000c4c00000| PB 0x00000000c4c00000| Untracked 
|  19|0x00000000c4d00000, 0x00000000c4d00000, 0x00000000c4e00000|  0%| F|  |TAMS 0x00000000c4d00000| PB 0x00000000c4d00000| Untracked 
|  20|0x00000000c4e00000, 0x00000000c4e00000, 0x00000000c4f00000|  0%| F|  |TAMS 0x00000000c4e00000| PB 0x00000000c4e00000| Untracked 
|  21|0x00000000c4f00000, 0x00000000c4f00000, 0x00000000c5000000|  0%| F|  |TAMS 0x00000000c4f00000| PB 0x00000000c4f00000| Untracked 
|  22|0x00000000c5000000, 0x00000000c5000000, 0x00000000c5100000|  0%| F|  |TAMS 0x00000000c5000000| PB 0x00000000c5000000| Untracked 
|  23|0x00000000c5100000, 0x00000000c5100000, 0x00000000c5200000|  0%| F|  |TAMS 0x00000000c5100000| PB 0x00000000c5100000| Untracked 
|  24|0x00000000c5200000, 0x00000000c5200000, 0x00000000c5300000|  0%| F|  |TAMS 0x00000000c5200000| PB 0x00000000c5200000| Untracked 
|  25|0x00000000c5300000, 0x00000000c5300000, 0x00000000c5400000|  0%| F|  |TAMS 0x00000000c5300000| PB 0x00000000c5300000| Untracked 
|  26|0x00000000c5400000, 0x00000000c5400000, 0x00000000c5500000|  0%| F|  |TAMS 0x00000000c5400000| PB 0x00000000c5400000| Untracked 
|  27|0x00000000c5500000, 0x00000000c5500000, 0x00000000c5600000|  0%| F|  |TAMS 0x00000000c5500000| PB 0x00000000c5500000| Untracked 
|  28|0x00000000c5600000, 0x00000000c5600000, 0x00000000c5700000|  0%| F|  |TAMS 0x00000000c5600000| PB 0x00000000c5600000| Untracked 
|  29|0x00000000c5700000, 0x00000000c5700000, 0x00000000c5800000|  0%| F|  |TAMS 0x00000000c5700000| PB 0x00000000c5700000| Untracked 
|  30|0x00000000c5800000, 0x00000000c5800000, 0x00000000c5900000|  0%| F|  |TAMS 0x00000000c5800000| PB 0x00000000c5800000| Untracked 
|  31|0x00000000c5900000, 0x00000000c5900000, 0x00000000c5a00000|  0%| F|  |TAMS 0x00000000c5900000| PB 0x00000000c5900000| Untracked 
|  32|0x00000000c5a00000, 0x00000000c5a00000, 0x00000000c5b00000|  0%| F|  |TAMS 0x00000000c5a00000| PB 0x00000000c5a00000| Untracked 
|  33|0x00000000c5b00000, 0x00000000c5b00000, 0x00000000c5c00000|  0%| F|  |TAMS 0x00000000c5b00000| PB 0x00000000c5b00000| Untracked 
|  34|0x00000000c5c00000, 0x00000000c5c00000, 0x00000000c5d00000|  0%| F|  |TAMS 0x00000000c5c00000| PB 0x00000000c5c00000| Untracked 
|  35|0x00000000c5d00000, 0x00000000c5d00000, 0x00000000c5e00000|  0%| F|  |TAMS 0x00000000c5d00000| PB 0x00000000c5d00000| Untracked 
|  36|0x00000000c5e00000, 0x00000000c5e00000, 0x00000000c5f00000|  0%| F|  |TAMS 0x00000000c5e00000| PB 0x00000000c5e00000| Untracked 
|  37|0x00000000c5f00000, 0x00000000c5f00000, 0x00000000c6000000|  0%| F|  |TAMS 0x00000000c5f00000| PB 0x00000000c5f00000| Untracked 
|  38|0x00000000c6000000, 0x00000000c6000000, 0x00000000c6100000|  0%| F|  |TAMS 0x00000000c6000000| PB 0x00000000c6000000| Untracked 
|  39|0x00000000c6100000, 0x00000000c6100000, 0x00000000c6200000|  0%| F|  |TAMS 0x00000000c6100000| PB 0x00000000c6100000| Untracked 
|  40|0x00000000c6200000, 0x00000000c6200000, 0x00000000c6300000|  0%| F|  |TAMS 0x00000000c6200000| PB 0x00000000c6200000| Untracked 
|  41|0x00000000c6300000, 0x00000000c6300000, 0x00000000c6400000|  0%| F|  |TAMS 0x00000000c6300000| PB 0x00000000c6300000| Untracked 
|  42|0x00000000c6400000, 0x00000000c6400000, 0x00000000c6500000|  0%| F|  |TAMS 0x00000000c6400000| PB 0x00000000c6400000| Untracked 
|  43|0x00000000c6500000, 0x00000000c6500000, 0x00000000c6600000|  0%| F|  |TAMS 0x00000000c6500000| PB 0x00000000c6500000| Untracked 
|  44|0x00000000c6600000, 0x00000000c6600000, 0x00000000c6700000|  0%| F|  |TAMS 0x00000000c6600000| PB 0x00000000c6600000| Untracked 
|  45|0x00000000c6700000, 0x00000000c6700000, 0x00000000c6800000|  0%| F|  |TAMS 0x00000000c6700000| PB 0x00000000c6700000| Untracked 
|  46|0x00000000c6800000, 0x00000000c6800000, 0x00000000c6900000|  0%| F|  |TAMS 0x00000000c6800000| PB 0x00000000c6800000| Untracked 
|  47|0x00000000c6900000, 0x00000000c6900000, 0x00000000c6a00000|  0%| F|  |TAMS 0x00000000c6900000| PB 0x00000000c6900000| Untracked 
|  48|0x00000000c6a00000, 0x00000000c6a00000, 0x00000000c6b00000|  0%| F|  |TAMS 0x00000000c6a00000| PB 0x00000000c6a00000| Untracked 
|  49|0x00000000c6b00000, 0x00000000c6b00000, 0x00000000c6c00000|  0%| F|  |TAMS 0x00000000c6b00000| PB 0x00000000c6b00000| Untracked 
|  50|0x00000000c6c00000, 0x00000000c6c00000, 0x00000000c6d00000|  0%| F|  |TAMS 0x00000000c6c00000| PB 0x00000000c6c00000| Untracked 
|  51|0x00000000c6d00000, 0x00000000c6d00000, 0x00000000c6e00000|  0%| F|  |TAMS 0x00000000c6d00000| PB 0x00000000c6d00000| Untracked 
|  52|0x00000000c6e00000, 0x00000000c6e00000, 0x00000000c6f00000|  0%| F|  |TAMS 0x00000000c6e00000| PB 0x00000000c6e00000| Untracked 
|  53|0x00000000c6f00000, 0x00000000c6f00000, 0x00000000c7000000|  0%| F|  |TAMS 0x00000000c6f00000| PB 0x00000000c6f00000| Untracked 
|  54|0x00000000c7000000, 0x00000000c7000000, 0x00000000c7100000|  0%| F|  |TAMS 0x00000000c7000000| PB 0x00000000c7000000| Untracked 
|  55|0x00000000c7100000, 0x00000000c7100000, 0x00000000c7200000|  0%| F|  |TAMS 0x00000000c7100000| PB 0x00000000c7100000| Untracked 
|  56|0x00000000c7200000, 0x00000000c7200000, 0x00000000c7300000|  0%| F|  |TAMS 0x00000000c7200000| PB 0x00000000c7200000| Untracked 
|  57|0x00000000c7300000, 0x00000000c7342908, 0x00000000c7400000| 26%| E|  |TAMS 0x00000000c7300000| PB 0x00000000c7300000| Complete 
|  58|0x00000000c7400000, 0x00000000c7500000, 0x00000000c7500000|100%| E|CS|TAMS 0x00000000c7400000| PB 0x00000000c7400000| Complete 
|  59|0x00000000c7500000, 0x00000000c7600000, 0x00000000c7600000|100%| E|CS|TAMS 0x00000000c7500000| PB 0x00000000c7500000| Complete 
|  60|0x00000000c7600000, 0x00000000c7700000, 0x00000000c7700000|100%| E|CS|TAMS 0x00000000c7600000| PB 0x00000000c7600000| Complete 
|  61|0x00000000c7700000, 0x00000000c7800000, 0x00000000c7800000|100%| E|CS|TAMS 0x00000000c7700000| PB 0x00000000c7700000| Complete 

Card table byte_map: [0x000001cbfedc0000,0x000001cbfefb0000] _byte_map_base: 0x000001cbfe7a3000

Marking Bits: (CMBitMap*) 0x000001cbfeb3e520
 Bits: [0x000001cbfefb0000, 0x000001cbffec8000)

Polling page: 0x000001cbfcb70000

Metaspace:

Usage:
  Non-class:      8.97 MB used.
      Class:    978.98 KB used.
       Both:      9.92 MB used.

Virtual space:
  Non-class space:       64.00 MB reserved,       9.06 MB ( 14%) committed,  1 nodes.
      Class space:        1.00 GB reserved,       1.00 MB ( <1%) committed,  1 nodes.
             Both:        1.06 GB reserved,      10.06 MB ( <1%) committed. 

Chunk freelists:
   Non-Class:  6.96 MB
       Class:  15.01 MB
        Both:  21.98 MB

MaxMetaspaceSize: unlimited
CompressedClassSpaceSize: 1.00 GB
Initial GC threshold: 21.00 MB
Current GC threshold: 21.00 MB
CDS: off
 - commit_granule_bytes: 65536.
 - commit_granule_words: 8192.
 - virtual_space_node_default_size: 8388608.
 - enlarge_chunks_in_place: 1.
 - use_allocation_guard: 0.


Internal statistics:

num_allocs_failed_limit: 0.
num_arena_births: 14.
num_arena_deaths: 0.
num_vsnodes_births: 2.
num_vsnodes_deaths: 0.
num_space_committed: 161.
num_space_uncommitted: 0.
num_chunks_returned_to_freelist: 0.
num_chunks_taken_from_freelist: 49.
num_chunk_merges: 0.
num_chunk_splits: 20.
num_chunks_enlarged: 12.
num_inconsistent_stats: 0.

CodeHeap 'non-profiled nmethods': size=120000Kb used=125Kb max_used=125Kb free=119874Kb
 bounds [0x000001cb8ab70000, 0x000001cb8ade0000, 0x000001cb920a0000]
CodeHeap 'profiled nmethods': size=120000Kb used=616Kb max_used=616Kb free=119383Kb
 bounds [0x000001cb830a0000, 0x000001cb83310000, 0x000001cb8a5d0000]
CodeHeap 'non-nmethods': size=5760Kb used=1369Kb max_used=1383Kb free=4390Kb
 bounds [0x000001cb8a5d0000, 0x000001cb8a840000, 0x000001cb8ab70000]
CodeCache: size=245760Kb, used=2110Kb, max_used=2124Kb, free=243647Kb
 total_blobs=876, nmethods=423, adapters=358, full_count=0
Compilation: enabled, stopped_count=0, restarted_count=0

Compilation events (20 events):
Event: 7.343 Thread 0x000001cb944b2f80 nmethod 411 0x000001cb8ab8f090 code [0x000001cb8ab8f200, 0x000001cb8ab8f270]
Event: 7.343 Thread 0x000001cb944be5b0 nmethod 413 0x000001cb83133590 code [0x000001cb83133740, 0x000001cb83133998]
Event: 7.343 Thread 0x000001cb944be5b0  414       3       jdk.internal.misc.Unsafe::convEndian (16 bytes)
Event: 7.343 Thread 0x000001cb944be5b0 nmethod 414 0x000001cb83133a90 code [0x000001cb83133c40, 0x000001cb83133e00]
Event: 7.343 Thread 0x000001cb944be5b0  416       3       java.lang.StringCoding::countPositives (33 bytes)
Event: 7.343 Thread 0x000001cb944be5b0 nmethod 416 0x000001cb83133e90 code [0x000001cb83134040, 0x000001cb83134260]
Event: 7.343 Thread 0x000001cb944be5b0  417       3       java.lang.invoke.VarHandleGuards::guard_LI_I (78 bytes)
Event: 7.345 Thread 0x000001cb944be5b0 nmethod 417 0x000001cb83134390 code [0x000001cb831346e0, 0x000001cb83135fc0]
Event: 7.345 Thread 0x000001cb944be5b0  415       3       java.lang.invoke.VarHandleByteArrayAsInts$ArrayHandle::get (36 bytes)
Event: 7.345 Thread 0x000001cb944be5b0 nmethod 415 0x000001cb83136790 code [0x000001cb83136960, 0x000001cb83136d10]
Event: 7.345 Thread 0x000001cb944be5b0  418       3       java.lang.invoke.VarHandle::checkAccessModeThenIsDirect (29 bytes)
Event: 7.346 Thread 0x000001cb944be5b0 nmethod 418 0x000001cb83136e90 code [0x000001cb831370c0, 0x000001cb83137950]
Event: 7.346 Thread 0x000001cb944be5b0  419       3       java.lang.invoke.VarHandle::accessModeType (41 bytes)
Event: 7.346 Thread 0x000001cb944be5b0 nmethod 419 0x000001cb83137c10 code [0x000001cb83137e20, 0x000001cb83138580]
Event: 7.346 Thread 0x000001cb944be5b0  420       3       java.lang.invoke.VarForm::getMemberName (38 bytes)
Event: 7.346 Thread 0x000001cb944be5b0 nmethod 420 0x000001cb83138790 code [0x000001cb83138960, 0x000001cb83138cc0]
Event: 7.346 Thread 0x000001cb944be5b0  421       3       java.lang.invoke.VarHandleByteArrayAsInts$ArrayHandle::index (12 bytes)
Event: 7.346 Thread 0x000001cb944be5b0 nmethod 421 0x000001cb83138e90 code [0x000001cb83139040, 0x000001cb83139188]
Event: 7.405 Thread 0x000001cb944be5b0  423       3       java.util.concurrent.ConcurrentHashMap$Traverser::advance (188 bytes)
Event: 7.406 Thread 0x000001cb944be5b0 nmethod 423 0x000001cb83139290 code [0x000001cb831394e0, 0x000001cb83139ff0]

GC Heap History (0 events):
No events

Dll operation events (2 events):
Event: 0.554 Loaded shared library D:\Android_studio\jbr\bin\java.dll
Event: 0.957 Loaded shared library D:\Android_studio\jbr\bin\zip.dll

Deoptimization events (0 events):
No events

Classes loaded (20 events):
Event: 7.383 Loading class java/net/Inet6AddressImpl
Event: 7.383 Loading class java/net/InetAddressImpl
Event: 7.383 Loading class java/net/InetAddressImpl done
Event: 7.383 Loading class java/net/Inet6AddressImpl done
Event: 7.383 Loading class java/net/Inet4AddressImpl
Event: 7.383 Loading class java/net/Inet4AddressImpl done
Event: 7.383 Loading class java/net/spi/InetAddressResolver$LookupPolicy
Event: 7.384 Loading class java/net/spi/InetAddressResolver$LookupPolicy done
Event: 7.384 Loading class java/net/InetAddress$PlatformResolver
Event: 7.384 Loading class java/net/spi/InetAddressResolver
Event: 7.384 Loading class java/net/spi/InetAddressResolver done
Event: 7.384 Loading class java/net/InetAddress$PlatformResolver done
Event: 7.385 Loading class java/net/Inet4Address
Event: 7.385 Loading class java/net/Inet4Address done
Event: 7.386 Loading class java/net/Inet6Address
Event: 7.386 Loading class java/net/Inet6Address done
Event: 7.386 Loading class java/net/Inet6Address$Inet6AddressHolder
Event: 7.398 Loading class java/net/Inet6Address$Inet6AddressHolder done
Event: 7.399 Loading class java/net/DefaultInterface
Event: 7.405 Loading class java/net/DefaultInterface done

Classes unloaded (0 events):
No events

Classes redefined (0 events):
No events

Internal exceptions (1 events):
Event: 6.537 Thread 0x000001cbfc821ce0 Exception <a 'sun/nio/fs/WindowsException'{0x00000000c7420748}> (0x00000000c7420748) 
thrown [s\src\hotspot\share\prims\jni.cpp, line 537]

ZGC Phase Switch (0 events):
No events

VM Operations (14 events):
Event: 3.084 Executing non-safepoint VM operation: HandshakeAllThreads (Deoptimize)
Event: 3.084 Executing non-safepoint VM operation: HandshakeAllThreads (Deoptimize) done
Event: 3.084 Executing safepoint VM operation: Cleanup
Event: 3.084 Executing safepoint VM operation: Cleanup done
Event: 3.269 Executing non-safepoint VM operation: HandshakeAllThreads (Deoptimize)
Event: 3.269 Executing non-safepoint VM operation: HandshakeAllThreads (Deoptimize) done
Event: 4.275 Executing safepoint VM operation: Cleanup
Event: 4.339 Executing safepoint VM operation: Cleanup done
Event: 5.340 Executing safepoint VM operation: Cleanup
Event: 5.354 Executing safepoint VM operation: Cleanup done
Event: 6.361 Executing safepoint VM operation: Cleanup
Event: 6.377 Executing safepoint VM operation: Cleanup done
Event: 7.375 Executing non-safepoint VM operation: HandshakeAllThreads (Deoptimize)
Event: 7.375 Executing non-safepoint VM operation: HandshakeAllThreads (Deoptimize) done

Memory protections (0 events):
No events

Nmethod flushes (0 events):
No events

Events (15 events):
Event: 0.916 Thread 0x000001cbfc821ce0 Thread added: 0x000001cbfc821ce0
Event: 1.632 Thread 0x000001cbfc821ce0 Thread added: 0x000001cb94496460
Event: 1.745 Thread 0x000001cbfc821ce0 Thread added: 0x000001cb944ae530
Event: 1.749 Thread 0x000001cbfc821ce0 Thread added: 0x000001cb944b1190
Event: 1.768 Thread 0x000001cbfc821ce0 Thread added: 0x000001cb94613090
Event: 1.769 Thread 0x000001cbfc821ce0 Thread added: 0x000001cb94613af0
Event: 1.769 Thread 0x000001cbfc821ce0 Thread added: 0x000001cb94614550
Event: 1.769 Thread 0x000001cbfc821ce0 Thread added: 0x000001cb94614fb0
Event: 1.794 Thread 0x000001cbfc821ce0 Thread added: 0x000001cb944b2f80
Event: 1.809 Thread 0x000001cbfc821ce0 Thread added: 0x000001cb944be5b0
Event: 2.156 Thread 0x000001cbfc821ce0 Thread added: 0x000001cb9479f1a0
Event: 2.309 Loaded shared library D:\Android_studio\jbr\bin\net.dll
Event: 2.341 Loaded shared library D:\Android_studio\jbr\bin\nio.dll
Event: 2.533 Loaded shared library D:\Android_studio\jbr\bin\zip.dll
Event: 5.026 Loaded shared library D:\Android_studio\jbr\bin\jimage.dll


Dynamic libraries:
0x00007ff6d38b0000 - 0x00007ff6d38ba000 	D:\Android_studio\jbr\bin\java.exe
0x00007fff14f50000 - 0x00007fff15168000 	C:\WINDOWS\SYSTEM32\ntdll.dll
0x00007fff139d0000 - 0x00007fff13a94000 	C:\WINDOWS\System32\KERNEL32.DLL
0x00007fff12580000 - 0x00007fff12953000 	C:\WINDOWS\System32\KERNELBASE.dll
0x00007fff12060000 - 0x00007fff12171000 	C:\WINDOWS\System32\ucrtbase.dll
0x00007ffef5bb0000 - 0x00007ffef5bc8000 	D:\Android_studio\jbr\bin\jli.dll
0x00007fff12c70000 - 0x00007fff12e22000 	C:\WINDOWS\System32\USER32.dll
0x00007fff12550000 - 0x00007fff12576000 	C:\WINDOWS\System32\win32u.dll
0x00007fff14dc0000 - 0x00007fff14de9000 	C:\WINDOWS\System32\GDI32.dll
0x00007fff122c0000 - 0x00007fff123db000 	C:\WINDOWS\System32\gdi32full.dll
0x00007fff12a20000 - 0x00007fff12aba000 	C:\WINDOWS\System32\msvcp_win.dll
0x00007ffef8c80000 - 0x00007ffef8c9b000 	D:\Android_studio\jbr\bin\VCRUNTIME140.dll
0x00007ffefd7f0000 - 0x00007ffefda8c000 	C:\WINDOWS\WinSxS\amd64_microsoft.windows.common-controls_6595b64144ccf1df_6.0.22621.6060_none_2712eda17382d24b\COMCTL32.dll
0x00007fff13030000 - 0x00007fff130d7000 	C:\WINDOWS\System32\msvcrt.dll
0x00007fff12ff0000 - 0x00007fff13021000 	C:\WINDOWS\System32\IMM32.DLL
0x00007ffef8ca0000 - 0x00007ffef8cac000 	D:\Android_studio\jbr\bin\vcruntime140_1.dll
0x00007ffef8760000 - 0x00007ffef87ed000 	D:\Android_studio\jbr\bin\msvcp140.dll
0x00007ffeb15a0000 - 0x00007ffeb2236000 	D:\Android_studio\jbr\bin\server\jvm.dll
0x00007fff136d0000 - 0x00007fff13781000 	C:\WINDOWS\System32\ADVAPI32.dll
0x00007fff14d10000 - 0x00007fff14db8000 	C:\WINDOWS\System32\sechost.dll
0x00007fff12bc0000 - 0x00007fff12be8000 	C:\WINDOWS\System32\bcrypt.dll
0x00007fff14df0000 - 0x00007fff14f08000 	C:\WINDOWS\System32\RPCRT4.dll
0x00007fff14a60000 - 0x00007fff14ad1000 	C:\WINDOWS\System32\WS2_32.dll
0x00007fff11f30000 - 0x00007fff11f7d000 	C:\WINDOWS\SYSTEM32\POWRPROF.dll
0x00007fff0c6a0000 - 0x00007fff0c6d4000 	C:\WINDOWS\SYSTEM32\WINMM.dll
0x00007fff0bf20000 - 0x00007fff0bf2a000 	C:\WINDOWS\SYSTEM32\VERSION.dll
0x00007fff11f10000 - 0x00007fff11f23000 	C:\WINDOWS\SYSTEM32\UMPDC.dll
0x00007fff11040000 - 0x00007fff11058000 	C:\WINDOWS\SYSTEM32\kernel.appcore.dll
0x00007ffef8c70000 - 0x00007ffef8c7a000 	D:\Android_studio\jbr\bin\jimage.dll
0x00007fff0fb70000 - 0x00007fff0fda3000 	C:\WINDOWS\SYSTEM32\DBGHELP.DLL
0x00007fff13d30000 - 0x00007fff140c1000 	C:\WINDOWS\System32\combase.dll
0x00007fff14970000 - 0x00007fff14a48000 	C:\WINDOWS\System32\OLEAUT32.dll
0x00007fff0a160000 - 0x00007fff0a192000 	C:\WINDOWS\SYSTEM32\dbgcore.DLL
0x00007fff12ac0000 - 0x00007fff12b3b000 	C:\WINDOWS\System32\bcryptPrimitives.dll
0x00007ffef6e40000 - 0x00007ffef6e60000 	D:\Android_studio\jbr\bin\java.dll
0x00007ffef6e20000 - 0x00007ffef6e38000 	D:\Android_studio\jbr\bin\zip.dll
0x00007fff140d0000 - 0x00007fff1496c000 	C:\WINDOWS\System32\SHELL32.dll
0x00007fff12180000 - 0x00007fff122bf000 	C:\WINDOWS\System32\wintypes.dll
0x00007fff0ff50000 - 0x00007fff1086a000 	C:\WINDOWS\SYSTEM32\windows.storage.dll
0x00007fff12e50000 - 0x00007fff12f54000 	C:\WINDOWS\System32\SHCORE.dll
0x00007fff13910000 - 0x00007fff13979000 	C:\WINDOWS\System32\shlwapi.dll
0x00007fff11f90000 - 0x00007fff11fb5000 	C:\WINDOWS\SYSTEM32\profapi.dll
0x00007ffef8c60000 - 0x00007ffef8c70000 	D:\Android_studio\jbr\bin\net.dll
0x00007fff0b9d0000 - 0x00007fff0bafc000 	C:\WINDOWS\SYSTEM32\WINHTTP.dll
0x00007fff11520000 - 0x00007fff11589000 	C:\WINDOWS\system32\mswsock.dll
0x00007ffeef9f0000 - 0x00007ffeefa06000 	D:\Android_studio\jbr\bin\nio.dll
0x00007fff11770000 - 0x00007fff1178b000 	C:\WINDOWS\SYSTEM32\CRYPTSP.dll
0x00007fff10fa0000 - 0x00007fff10fd7000 	C:\WINDOWS\system32\rsaenh.dll
0x00007fff11610000 - 0x00007fff11638000 	C:\WINDOWS\SYSTEM32\USERENV.dll
0x00007fff11790000 - 0x00007fff1179c000 	C:\WINDOWS\SYSTEM32\CRYPTBASE.dll

JVMTI agents: none

dbghelp: loaded successfully - version: 4.0.5 - missing functions: none
symbol engine: initialized successfully - sym options: 0x614 - pdb path: .;D:\Android_studio\jbr\bin;C:\WINDOWS\SYSTEM32;C:\WINDOWS\WinSxS\amd64_microsoft.windows.common-controls_6595b64144ccf1df_6.0.22621.6060_none_2712eda17382d24b;D:\Android_studio\jbr\bin\server

VM Arguments:
java_command: git4idea.http.GitAskPassApp Password for 'https://github.com': 
java_class_path (initial): D:/Android_studio/plugins/vcs-git/lib/git4idea-rt.jar;D:/Android_studio/lib/externalProcess-rt.jar
Launcher Type: SUN_STANDARD

[Global flags]
     intx CICompilerCount                          = 3                                         {product} {ergonomic}
     uint ConcGCThreads                            = 1                                         {product} {ergonomic}
     uint G1ConcRefinementThreads                  = 4                                         {product} {ergonomic}
   size_t G1HeapRegionSize                         = 1048576                                   {product} {ergonomic}
    uintx GCDrainStackTargetSize                   = 64                                        {product} {ergonomic}
   size_t InitialHeapSize                          = 65011712                                  {product} {ergonomic}
   size_t MarkStackSize                            = 4194304                                   {product} {ergonomic}
   size_t MaxHeapSize                              = 1012924416                                {product} {ergonomic}
   size_t MaxNewSize                               = 607125504                                 {product} {ergonomic}
   size_t MinHeapDeltaBytes                        = 1048576                                   {product} {ergonomic}
   size_t MinHeapSize                              = 8388608                                   {product} {ergonomic}
    uintx NonNMethodCodeHeapSize                   = 5832780                                {pd product} {ergonomic}
    uintx NonProfiledCodeHeapSize                  = 122912730                              {pd product} {ergonomic}
    uintx ProfiledCodeHeapSize                     = 122912730                              {pd product} {ergonomic}
    uintx ReservedCodeCacheSize                    = 251658240                              {pd product} {ergonomic}
     bool SegmentedCodeCache                       = true                                      {product} {ergonomic}
   size_t SoftMaxHeapSize                          = 1012924416                             {manageable} {ergonomic}
     bool UseCompressedOops                        = true                           {product lp64_product} {ergonomic}
     bool UseG1GC                                  = true                                      {product} {ergonomic}
     bool UseLargePagesIndividualAllocation        = false                                  {pd product} {ergonomic}

Logging:
Log output configuration:
 #0: stdout all=warning uptime,level,tags foldmultilines=false
 #1: stderr all=off uptime,level,tags foldmultilines=false

Release file:
JAVA_VERSION="21.0.10" 
MODULES="java.base java.compiler java.datatransfer java.xml java.prefs java.desktop java.instrument java.logging java.management java.security.sasl java.naming java.rmi java.management.rmi java.net.http java.scripting java.security.jgss java.transaction.xa java.sql java.sql.rowset java.xml.crypto java.se java.smartcardio jdk.accessibility jdk.internal.jvmstat jdk.attach jdk.charsets jdk.internal.opt jdk.zipfs jdk.compiler jdk.crypto.ec jdk.crypto.cryptoki jdk.dynalink jdk.hotspot.agent jdk.httpserver jdk.internal.ed jdk.internal.le jdk.internal.vm.ci jdk.jartool jdk.javadoc jdk.jcmd jdk.jdeps jdk.jdwp.agent jdk.jdi jdk.jfr jdk.jlink jdk.jsobject jdk.localedata jdk.management jdk.management.agent jdk.management.jfr jdk.naming.dns jdk.naming.rmi jdk.net jdk.sctp jdk.security.auth jdk.security.jgss jdk.unsupported jdk.unsupported.desktop jdk.xml.dom" 
IMPLEMENTOR="JetBrains s.r.o." 
JAVA_RUNTIME_VERSION="21.0.10+-14961533-b1163.108" 
LIBC="default" 
OS_ARCH="x86_64" 
OS_NAME="Windows" 
SOURCE=".:git:1351622c2ff2" 

Environment Variables:
JAVA_HOME=C:\Program Files\Eclipse Adoptium\jdk-17.0.12.7-hotspot\
PATH=C:/Program Files/Git/mingw64/libexec/git-core;C:/Program Files/Git/mingw64/libexec/git-core;C:\Program Files\Git\mingw64\bin;C:\Program Files\Git\usr\bin;C:\Users\tharushi\bin;C:\Python314\Scripts\;C:\Python314\;C:\Program Files\Python313\Scripts\;C:\Program Files\Python313\;C:\Program Files\Eclipse Adoptium\jdk-17.0.12.7-hotspot\bin;C:\WINDOWS\system32;C:\WINDOWS;C:\WINDOWS\System32\Wbem;C:\WINDOWS\System32\WindowsPowerShell\v1.0\;C:\WINDOWS\System32\OpenSSH\;C:\Program Files\dotnet\;C:\Program Files\Git\cmd;E:\Git\cmd;C:\TDM-GCC-64\bin;C:\gcc-14.1.0\bin;C:\msys64\ucrt64\bin;C:\Program Files\MySQL\MySQL Server 8.0\bin;C:\Program Files\apache-maven-3.9.12\bin;C:\Program Files\RabbitMQ Server\rabbitmq_server-4.2.3\sbin;E:\MinGW\bin;C:\Users\tharushi\AppData\Roaming\Python\Python313\Scripts;C:\Program Files\nodejs\;C:\ProgramData\chocolatey\bin;C:\Program Files\MySQL\MySQL Shell 8.0\bin\;C:\Users\tharushi\AppData\Local\Microsoft\WindowsApps;E:\Apps\Microsoft VS Code\bin;C:\MinGW\bin;C:\Users\tharushi\AppData\Local\GitHubDesktop\bin;C:\Users\tharushi\AppData\Roaming\npm
USERNAME=tharushi
DISPLAY=:0.0
LC_ALL=en_US.UTF-8
TERM=xterm-256color
TMPDIR=C:\Users\tharushi\AppData\Local\Temp
OS=Windows_NT
PROCESSOR_IDENTIFIER=Intel64 Family 6 Model 126 Stepping 5, GenuineIntel
TMP=C:\Users\tharushi\AppData\Local\Temp
TEMP=C:\Users\tharushi\AppData\Local\Temp




Periodic native trim disabled

JNI global refs:
JNI global refs: 17, weak refs: 0

JNI global refs memory usage: 835, weak refs: 201

Process memory usage:
Resident Set Size: 40672K (1% of 3956052K total physical memory with 59720K free physical memory)

OOME stack traces (most recent first):
Classloader memory used:
Loader bootstrap                                                                       : 10062K
Loader jdk.internal.loader.ClassLoaders$PlatformClassLoader                            : 71528B
Loader jdk.internal.loader.ClassLoaders$AppClassLoader                                 : 28032B

---------------  S Y S T E M  ---------------

OS:
 Windows 11 , 64 bit Build 22621 (10.0.22621.5415)
OS uptime: 0 days 4:27 hours
Hyper-V role detected

CPU: total 4 (initial active 4) (2 cores per cpu, 2 threads per core) family 6 model 126 stepping 5 microcode 0xcc, cx8, cmov, fxsr, ht, mmx, 3dnowpref, sse, sse2, sse3, ssse3, sse4.1, sse4.2, popcnt, lzcnt, tsc, tscinvbit, avx, avx2, aes, erms, clmul, bmi1, bmi2, adx, avx512f, avx512dq, avx512cd, avx512bw, avx512vl, sha, fma, vzeroupper, avx512_vpopcntdq, avx512_vpclmulqdq, avx512_vaes, avx512_vnni, clflush, clflushopt, avx512_vbmi2, avx512_vbmi, hv, rdtscp, rdpid, fsrm, gfni, avx512_bitalg, f16c, avx512_ifma
Processor Information for the first 4 processors :
  Max Mhz: 1190, Current Mhz: 1190, Mhz Limit: 1190

Memory: 4k page, system-wide physical 3863M (58M free)
TotalPageFile size 12055M (AvailPageFile size 0M)
current process WorkingSet (physical memory assigned to process): 39M, peak: 44M
current process commit charge ("private bytes"): 133M, peak: 134M

vm_info: OpenJDK 64-Bit Server VM (21.0.10+-14961533-b1163.108) for windows-amd64 JRE (21.0.10+-14961533-b1163.108), built on 2026-03-02T19:58:50Z by "builder" with MS VC++ 16.10 / 16.11 (VS2019)

END.
